------------------------------------------------------------
Timing Analyzer Summary
------------------------------------------------------------

Type  : Slow 1200mV 85C Model Setup 'Prescaler:presA|count[3]'
Slack : -4.910
TNS   : -74.783

Type  : Slow 1200mV 85C Model Setup 'MAX10_CLK1_50'
Slack : -1.804
TNS   : -5.802

Type  : Slow 1200mV 85C Model Setup 'Prescaler:presB|count[6]'
Slack : -1.345
TNS   : -14.743

Type  : Slow 1200mV 85C Model Hold 'Prescaler:presA|count[3]'
Slack : 0.246
TNS   : 0.000

Type  : Slow 1200mV 85C Model Hold 'MAX10_CLK1_50'
Slack : 0.344
TNS   : 0.000

Type  : Slow 1200mV 85C Model Hold 'Prescaler:presB|count[6]'
Slack : 0.344
TNS   : 0.000

Type  : Slow 1200mV 85C Model Minimum Pulse Width 'MAX10_CLK1_50'
Slack : -3.000
TNS   : -12.776

Type  : Slow 1200mV 85C Model Minimum Pulse Width 'Prescaler:presA|count[3]'
Slack : -1.222
TNS   : -20.774

Type  : Slow 1200mV 85C Model Minimum Pulse Width 'Prescaler:presB|count[6]'
Slack : -1.222
TNS   : -20.774

Type  : Slow 1200mV 0C Model Setup 'Prescaler:presA|count[3]'
Slack : -4.401
TNS   : -66.800

Type  : Slow 1200mV 0C Model Setup 'MAX10_CLK1_50'
Slack : -1.576
TNS   : -4.668

Type  : Slow 1200mV 0C Model Setup 'Prescaler:presB|count[6]'
Slack : -1.110
TNS   : -11.960

Type  : Slow 1200mV 0C Model Hold 'Prescaler:presA|count[3]'
Slack : 0.170
TNS   : 0.000

Type  : Slow 1200mV 0C Model Hold 'MAX10_CLK1_50'
Slack : 0.313
TNS   : 0.000

Type  : Slow 1200mV 0C Model Hold 'Prescaler:presB|count[6]'
Slack : 0.313
TNS   : 0.000

Type  : Slow 1200mV 0C Model Minimum Pulse Width 'MAX10_CLK1_50'
Slack : -3.000
TNS   : -12.776

Type  : Slow 1200mV 0C Model Minimum Pulse Width 'Prescaler:presA|count[3]'
Slack : -1.222
TNS   : -20.774

Type  : Slow 1200mV 0C Model Minimum Pulse Width 'Prescaler:presB|count[6]'
Slack : -1.222
TNS   : -20.774

Type  : Fast 1200mV 0C Model Setup 'Prescaler:presA|count[3]'
Slack : -1.860
TNS   : -27.622

Type  : Fast 1200mV 0C Model Setup 'MAX10_CLK1_50'
Slack : -0.672
TNS   : -1.319

Type  : Fast 1200mV 0C Model Setup 'Prescaler:presB|count[6]'
Slack : -0.145
TNS   : -0.429

Type  : Fast 1200mV 0C Model Hold 'Prescaler:presA|count[3]'
Slack : 0.001
TNS   : 0.000

Type  : Fast 1200mV 0C Model Hold 'MAX10_CLK1_50'
Slack : 0.157
TNS   : 0.000

Type  : Fast 1200mV 0C Model Hold 'Prescaler:presB|count[6]'
Slack : 0.157
TNS   : 0.000

Type  : Fast 1200mV 0C Model Minimum Pulse Width 'MAX10_CLK1_50'
Slack : -3.000
TNS   : -12.360

Type  : Fast 1200mV 0C Model Minimum Pulse Width 'Prescaler:presA|count[3]'
Slack : -1.000
TNS   : -17.000

Type  : Fast 1200mV 0C Model Minimum Pulse Width 'Prescaler:presB|count[6]'
Slack : -1.000
TNS   : -17.000

------------------------------------------------------------
