------------------------------------------------------------
Timing Analyzer Summary
------------------------------------------------------------

Type  : Slow 1200mV 85C Model Setup 'SW[9]'
Slack : -1.407
TNS   : -11.407

Type  : Slow 1200mV 85C Model Setup 'MAX10_CLK1_50'
Slack : -0.033
TNS   : -0.033

Type  : Slow 1200mV 85C Model Hold 'MAX10_CLK1_50'
Slack : 0.325
TNS   : 0.000

Type  : Slow 1200mV 85C Model Hold 'SW[9]'
Slack : 0.331
TNS   : 0.000

Type  : Slow 1200mV 85C Model Minimum Pulse Width 'SW[9]'
Slack : -3.000
TNS   : -25.637

Type  : Slow 1200mV 85C Model Minimum Pulse Width 'MAX10_CLK1_50'
Slack : -3.000
TNS   : -7.888

Type  : Slow 1200mV 0C Model Setup 'SW[9]'
Slack : -1.195
TNS   : -9.643

Type  : Slow 1200mV 0C Model Setup 'MAX10_CLK1_50'
Slack : 0.057
TNS   : 0.000

Type  : Slow 1200mV 0C Model Hold 'MAX10_CLK1_50'
Slack : 0.295
TNS   : 0.000

Type  : Slow 1200mV 0C Model Hold 'SW[9]'
Slack : 0.300
TNS   : 0.000

Type  : Slow 1200mV 0C Model Minimum Pulse Width 'SW[9]'
Slack : -3.000
TNS   : -23.818

Type  : Slow 1200mV 0C Model Minimum Pulse Width 'MAX10_CLK1_50'
Slack : -3.000
TNS   : -7.888

Type  : Fast 1200mV 0C Model Setup 'SW[9]'
Slack : -0.141
TNS   : -0.687

Type  : Fast 1200mV 0C Model Setup 'MAX10_CLK1_50'
Slack : 0.507
TNS   : 0.000

Type  : Fast 1200mV 0C Model Hold 'MAX10_CLK1_50'
Slack : 0.149
TNS   : 0.000

Type  : Fast 1200mV 0C Model Hold 'SW[9]'
Slack : 0.152
TNS   : 0.000

Type  : Fast 1200mV 0C Model Minimum Pulse Width 'SW[9]'
Slack : -3.000
TNS   : -30.830

Type  : Fast 1200mV 0C Model Minimum Pulse Width 'MAX10_CLK1_50'
Slack : -3.000
TNS   : -7.559

------------------------------------------------------------
